\BOOKMARK [0][-]{chapter*.2}{\376\377\000I\000n\000t\000r\000o\000d\000u\000c\000c\000i\000\363\000n\000\040\000y\000\040\000V\000i\000s\000i\000\363\000n\000\040\000d\000e\000l\000\040\000P\000r\000o\000y\000e\000c\000t\000o}{}% 1
\BOOKMARK [1][-]{section.0.1}{\376\377\000M\000o\000t\000i\000v\000a\000c\000i\000\363\000n\000\040\000y\000\040\000P\000r\000o\000b\000l\000e\000m\000a\000\040\000a\000\040\000R\000e\000s\000o\000l\000v\000e\000r}{chapter*.2}% 2
\BOOKMARK [1][-]{section.0.2}{\376\377\000O\000b\000j\000e\000t\000i\000v\000o\000s\000\040\000d\000e\000l\000\040\000S\000i\000s\000t\000e\000m\000a}{chapter*.2}% 3
\BOOKMARK [2][-]{subsection.0.2.1}{\376\377\000O\000b\000j\000e\000t\000i\000v\000o\000\040\000G\000e\000n\000e\000r\000a\000l}{section.0.2}% 4
\BOOKMARK [2][-]{subsection.0.2.2}{\376\377\000O\000b\000j\000e\000t\000i\000v\000o\000s\000\040\000E\000s\000p\000e\000c\000\355\000f\000i\000c\000o\000s}{section.0.2}% 5
\BOOKMARK [1][-]{section.0.3}{\376\377\000D\000e\000s\000c\000r\000i\000p\000c\000i\000\363\000n\000\040\000G\000e\000n\000e\000r\000a\000l\000\040\000d\000e\000l\000\040\000S\000i\000s\000t\000e\000m\000a}{chapter*.2}% 6
\BOOKMARK [0][-]{chapter.1}{\376\377\000P\000r\000o\000t\000o\000c\000o\000l\000o\000\040\000d\000e\000\040\000C\000o\000m\000u\000n\000i\000c\000a\000c\000i\000\363\000n\000\040\000D\000e\000m\000e\000t\000e\000r}{}% 7
\BOOKMARK [1][-]{section.1.1}{\376\377\000P\000r\000o\000p\000\363\000s\000i\000t\000o\000\040\000y\000\040\000F\000i\000l\000o\000s\000o\000f\000\355\000a\000\040\000d\000e\000\040\000D\000i\000s\000e\000\361\000o}{chapter.1}% 8
\BOOKMARK [1][-]{section.1.2}{\376\377\000M\000o\000d\000e\000l\000o\000s\000\040\000P\000y\000d\000a\000n\000t\000i\000c\000:\000\040\000B\000r\000i\000d\000g\000i\000n\000g\000\040\000e\000n\000t\000r\000e\000\040\000B\000i\000n\000a\000r\000i\000o\000\040\000y\000\040\000J\000S\000O\000N}{chapter.1}% 9
\BOOKMARK [2][-]{subsection.1.2.1}{\376\377\000D\000i\000s\000e\000\361\000o\000\040\000d\000e\000\040\000M\000o\000d\000e\000l\000o\000s\000\040\000D\000i\000s\000c\000r\000i\000m\000i\000n\000a\000d\000o\000s}{section.1.2}% 10
\BOOKMARK [2][-]{subsection.1.2.2}{\376\377\000A\000u\000t\000o\000-\000d\000e\000s\000c\000u\000b\000r\000i\000m\000i\000e\000n\000t\000o\000\040\000y\000\040\000C\000l\000a\000s\000i\000f\000i\000c\000a\000c\000i\000\363\000n\000\040\000A\000u\000t\000o\000m\000\341\000t\000i\000c\000a}{section.1.2}% 11
\BOOKMARK [2][-]{subsection.1.2.3}{\376\377\000C\000o\000n\000v\000e\000r\000s\000i\000\363\000n\000\040\000B\000i\000n\000a\000r\000i\000a\000:\000\040\000S\000o\000l\000o\000\040\000l\000o\000s\000\040\000V\000a\000l\000o\000r\000e\000s}{section.1.2}% 12
\BOOKMARK [1][-]{section.1.3}{\376\377\000C\000o\000m\000u\000n\000i\000c\000a\000c\000i\000\363\000n\000\040\000H\000T\000T\000P\000\040\000y\000\040\000W\000e\000b\000S\000o\000c\000k\000e\000t\000\040\000e\000n\000\040\000e\000l\000\040\000S\000i\000s\000t\000e\000m\000a}{chapter.1}% 13
\BOOKMARK [2][-]{subsection.1.3.1}{\376\377\000F\000l\000u\000j\000o\000\040\000d\000e\000\040\000u\000n\000\040\000C\000o\000m\000a\000n\000d\000o\000\040\000d\000e\000s\000d\000e\000\040\000e\000l\000\040\000N\000a\000v\000e\000g\000a\000d\000o\000r}{section.1.3}% 14
\BOOKMARK [2][-]{subsection.1.3.2}{\376\377\000F\000l\000u\000j\000o\000\040\000d\000e\000\040\000T\000e\000l\000e\000m\000e\000t\000r\000\355\000a\000\040\000e\000n\000\040\000T\000i\000e\000m\000p\000o\000\040\000R\000e\000a\000l}{section.1.3}% 15
\BOOKMARK [1][-]{section.1.4}{\376\377\000E\000s\000t\000r\000u\000c\000t\000u\000r\000a\000\040\000d\000e\000\040\000u\000n\000a\000\040\000T\000r\000a\000m\000a}{chapter.1}% 16
\BOOKMARK [1][-]{section.1.5}{\376\377\000C\000a\000t\000\341\000l\000o\000g\000o\000\040\000d\000e\000\040\000M\000e\000n\000s\000a\000j\000e\000s}{chapter.1}% 17
\BOOKMARK [1][-]{section.1.6}{\376\377\000C\000o\000d\000i\000f\000i\000c\000a\000c\000i\000\363\000n\000\040\000d\000e\000\040\000D\000a\000t\000o\000s}{chapter.1}% 18
\BOOKMARK [2][-]{subsection.1.6.1}{\376\377\000T\000e\000m\000p\000e\000r\000a\000t\000u\000r\000a\000\040\000y\000\040\000H\000u\000m\000e\000d\000a\000d\000\040\000\050\000P\000u\000n\000t\000o\000\040\000F\000i\000j\000o\000\040\000\327\0001\0000\0000\000\051}{section.1.6}% 19
\BOOKMARK [2][-]{subsection.1.6.2}{\376\377\000D\000u\000r\000a\000c\000i\000o\000n\000e\000s\000\040\000e\000n\000\040\000S\000e\000c\000u\000e\000n\000c\000i\000a\000s\000\040\000\050\0003\0002\000\040\000b\000i\000t\000s\000\040\000L\000i\000t\000t\000l\000e\000\040\000E\000n\000d\000i\000a\000n\000\051}{section.1.6}% 20
\BOOKMARK [1][-]{section.1.7}{\376\377\000E\000j\000e\000m\000p\000l\000o\000s\000\040\000d\000e\000\040\000T\000r\000a\000m\000a\000s\000\040\000R\000e\000a\000l\000e\000s}{chapter.1}% 21
\BOOKMARK [2][-]{subsection.1.7.1}{\376\377\000T\000e\000l\000e\000m\000e\000t\000r\000\355\000a\000\040\000d\000e\000\040\000S\000e\000n\000s\000o\000r\000\040\000\050\000T\000E\000M\000P\000\137\000H\000U\000M\000\137\000R\000E\000P\000O\000R\000T\000\051}{section.1.7}% 22
\BOOKMARK [2][-]{subsection.1.7.2}{\376\377\000C\000o\000m\000a\000n\000d\000o\000\040\000d\000e\000\040\000A\000c\000t\000u\000a\000c\000i\000\363\000n\000\040\000\050\000S\000E\000T\000\137\000G\000P\000I\000O\000\051}{section.1.7}% 23
\BOOKMARK [2][-]{subsection.1.7.3}{\376\377\000I\000n\000i\000c\000i\000o\000\040\000d\000e\000\040\000H\000a\000n\000d\000s\000h\000a\000k\000e\000\040\000\050\000S\000Y\000N\000\051}{section.1.7}% 24
\BOOKMARK [1][-]{section.1.8}{\376\377\000A\000l\000g\000o\000r\000i\000t\000m\000o\000s\000\040\000d\000e\000\040\000S\000e\000r\000i\000a\000l\000i\000z\000a\000c\000i\000\363\000n\000\040\000y\000\040\000D\000e\000s\000e\000r\000i\000a\000l\000i\000z\000a\000c\000i\000\363\000n}{chapter.1}% 25
\BOOKMARK [2][-]{subsection.1.8.1}{\376\377\000S\000e\000r\000i\000a\000l\000i\000z\000a\000c\000i\000\363\000n}{section.1.8}% 26
\BOOKMARK [2][-]{subsection.1.8.2}{\376\377\000D\000e\000s\000e\000r\000i\000a\000l\000i\000z\000a\000c\000i\000\363\000n\000\040\000y\000\040\000V\000a\000l\000i\000d\000a\000c\000i\000\363\000n}{section.1.8}% 27
\BOOKMARK [2][-]{subsection.1.8.3}{\376\377\000M\000a\000n\000e\000j\000o\000\040\000d\000e\000\040\000E\000r\000r\000o\000r\000e\000s}{section.1.8}% 28
\BOOKMARK [1][-]{section.1.9}{\376\377\000H\000a\000n\000d\000s\000h\000a\000k\000e\000\040\000T\000C\000P\000-\000l\000i\000k\000e}{chapter.1}% 29
\BOOKMARK [1][-]{section.1.10}{\376\377\000F\000l\000u\000j\000o\000\040\000E\000x\000t\000r\000e\000m\000o\000\040\000a\000\040\000E\000x\000t\000r\000e\000m\000o}{chapter.1}% 30
\BOOKMARK [1][-]{section.1.11}{\376\377\000C\000o\000n\000s\000i\000d\000e\000r\000a\000c\000i\000o\000n\000e\000s\000\040\000d\000e\000\040\000T\000i\000e\000m\000p\000o\000\040\000y\000\040\000S\000a\000t\000u\000r\000a\000c\000i\000\363\000n}{chapter.1}% 31
\BOOKMARK [2][-]{subsection.1.11.1}{\376\377\000T\000i\000e\000m\000p\000o\000s\000\040\000d\000e\000\040\000T\000r\000a\000n\000s\000m\000i\000s\000i\000\363\000n}{section.1.11}% 32
\BOOKMARK [2][-]{subsection.1.11.2}{\376\377\000C\000i\000c\000l\000o\000\040\000E\000n\000e\000r\000g\000\351\000t\000i\000c\000o\000\040\000d\000e\000l\000\040\000N\000o\000d\000o\000\040\000S\000e\000n\000s\000o\000r}{section.1.11}% 33
\BOOKMARK [2][-]{subsection.1.11.3}{\376\377\000L\000i\000m\000i\000t\000a\000c\000i\000o\000n\000e\000s\000\040\000C\000o\000n\000o\000c\000i\000d\000a\000s}{section.1.11}% 34
\BOOKMARK [0][-]{chapter.2}{\376\377\000A\000r\000q\000u\000i\000t\000e\000c\000t\000u\000r\000a\000\040\000d\000e\000l\000\040\000F\000i\000r\000m\000w\000a\000r\000e}{}% 35
\BOOKMARK [1][-]{section.2.1}{\376\377\000V\000i\000s\000i\000\363\000n\000\040\000G\000e\000n\000e\000r\000a\000l}{chapter.2}% 36
\BOOKMARK [1][-]{section.2.2}{\376\377\000L\000o\000s\000\040\000T\000r\000e\000s\000\040\000T\000i\000p\000o\000s\000\040\000d\000e\000\040\000N\000o\000d\000o}{chapter.2}% 37
\BOOKMARK [2][-]{subsection.2.2.1}{\376\377\000N\000o\000d\000o\000\040\000S\000e\000n\000s\000o\000r}{section.2.2}% 38
\BOOKMARK [2][-]{subsection.2.2.2}{\376\377\000N\000o\000d\000o\000\040\000A\000c\000t\000u\000a\000d\000o\000r}{section.2.2}% 39
\BOOKMARK [2][-]{subsection.2.2.3}{\376\377\000N\000o\000d\000o\000\040\000G\000a\000t\000e\000w\000a\000y}{section.2.2}% 40
\BOOKMARK [1][-]{section.2.3}{\376\377\000A\000r\000q\000u\000i\000t\000e\000c\000t\000u\000r\000a\000\040\000I\000n\000t\000e\000r\000n\000a\000\040\000e\000n\000\040\000C\000a\000p\000a\000s}{chapter.2}% 41
\BOOKMARK [2][-]{subsection.2.3.1}{\376\377\000E\000l\000\040\000O\000r\000q\000u\000e\000s\000t\000a\000d\000o\000r\000\040\000d\000e\000l\000\040\000S\000i\000s\000t\000e\000m\000a}{section.2.3}% 42
\BOOKMARK [1][-]{section.2.4}{\376\377\000E\000l\000\040\000M\000o\000t\000o\000r\000\040\000d\000e\000\040\000P\000r\000o\000t\000o\000c\000o\000l\000o}{chapter.2}% 43
\BOOKMARK [2][-]{subsection.2.4.1}{\376\377\000R\000e\000s\000p\000o\000n\000s\000a\000b\000i\000l\000i\000d\000a\000d\000e\000s\000\040\000d\000e\000l\000\040\000M\000o\000t\000o\000r}{section.2.4}% 44
\BOOKMARK [2][-]{subsection.2.4.2}{\376\377\000P\000i\000p\000e\000l\000i\000n\000e\000\040\000d\000e\000\040\000R\000e\000c\000e\000p\000c\000i\000\363\000n}{section.2.4}% 45
\BOOKMARK [1][-]{section.2.5}{\376\377\000E\000s\000t\000r\000a\000t\000e\000g\000i\000a\000s\000\040\000d\000e\000\040\000T\000r\000a\000n\000s\000p\000o\000r\000t\000e}{chapter.2}% 46
\BOOKMARK [2][-]{subsection.2.5.1}{\376\377\000T\000r\000a\000n\000s\000p\000o\000r\000t\000e\000\040\000E\000S\000P\000-\000N\000O\000W}{section.2.5}% 47
\BOOKMARK [2][-]{subsection.2.5.2}{\376\377\000T\000r\000a\000n\000s\000p\000o\000r\000t\000e\000\040\000U\000A\000R\000T\000\040\000\050\000S\000e\000r\000i\000a\000l\000\051}{section.2.5}% 48
\BOOKMARK [2][-]{subsection.2.5.3}{\376\377\000T\000r\000a\000n\000s\000p\000o\000r\000t\000e\000\040\000M\000i\000x\000t\000o\000\040\000\050\000G\000a\000t\000e\000w\000a\000y\000\051}{section.2.5}% 49
\BOOKMARK [0][-]{chapter.3}{\376\377\000S\000e\000r\000v\000i\000c\000i\000o\000\040\000d\000e\000\040\000B\000o\000r\000d\000e\000:\000\040\000R\000a\000s\000p\000b\000e\000r\000r\000y\000\040\000P\000i}{}% 50
\BOOKMARK [1][-]{section.3.1}{\376\377\000M\000i\000s\000i\000\363\000n\000\040\000y\000\040\000P\000o\000s\000i\000c\000i\000\363\000n\000\040\000e\000n\000\040\000l\000a\000\040\000A\000r\000q\000u\000i\000t\000e\000c\000t\000u\000r\000a\000\040\000d\000e\000l\000\040\000S\000i\000s\000t\000e\000m\000a}{chapter.3}% 51
\BOOKMARK [1][-]{section.3.2}{\376\377\000C\000o\000n\000t\000e\000n\000e\000d\000o\000r\000i\000z\000a\000c\000i\000\363\000n\000\040\000y\000\040\000A\000c\000c\000e\000s\000o\000\040\000a\000\040\000R\000e\000c\000u\000r\000s\000o\000s\000\040\000d\000e\000l\000\040\000S\000i\000s\000t\000e\000m\000a}{chapter.3}% 52
\BOOKMARK [1][-]{section.3.3}{\376\377\000E\000l\000\040\000M\000o\000t\000o\000r\000\040\000d\000e\000\040\000C\000o\000n\000c\000u\000r\000r\000e\000n\000c\000i\000a\000:\000\040\000a\000s\000y\000n\000c\000i\000o}{chapter.3}% 53
\BOOKMARK [1][-]{section.3.4}{\376\377\000E\000l\000\040\000M\000\363\000d\000u\000l\000o\000\040\000d\000e\000l\000\040\000P\000r\000o\000t\000o\000c\000o\000l\000o\000\040\000D\000e\000m\000e\000t\000e\000r\000\040\000e\000n\000\040\000l\000a\000\040\000R\000a\000s\000p\000b\000e\000r\000r\000y\000\040\000P\000i}{chapter.3}% 54
\BOOKMARK [1][-]{section.3.5}{\376\377\000C\000o\000m\000u\000n\000i\000c\000a\000c\000i\000\363\000n\000\040\000c\000o\000n\000\040\000e\000l\000\040\000B\000a\000c\000k\000e\000n\000d\000:\000\040\000E\000l\000\040\000C\000a\000n\000a\000l\000\040\000W\000e\000b\000S\000o\000c\000k\000e\000t}{chapter.3}% 55
\BOOKMARK [1][-]{section.3.6}{\376\377\000E\000l\000\040\000C\000o\000m\000m\000a\000n\000d\000\040\000D\000i\000s\000p\000a\000t\000c\000h\000e\000r\000:\000\040\000A\000d\000a\000p\000t\000a\000d\000o\000r\000\040\000J\000S\000O\000N\000\040\000\040\000B\000i\000n\000a\000r\000i\000o}{chapter.3}% 56
\BOOKMARK [1][-]{section.3.7}{\376\377\000D\000e\000v\000i\000c\000e\000\040\000M\000a\000n\000a\000g\000e\000r\000:\000\040\000L\000a\000\040\000C\000a\000c\000h\000\351\000\040\000L\000o\000c\000a\000l\000\040\000d\000e\000\040\000T\000o\000p\000o\000l\000o\000g\000\355\000a}{chapter.3}% 57
\BOOKMARK [0][-]{chapter.4}{\376\377\000S\000e\000r\000v\000i\000d\000o\000r\000\040\000C\000e\000n\000t\000r\000a\000l\000:\000\040\000B\000a\000c\000k\000e\000n\000d\000\040\000e\000n\000\040\000G\000o\000o\000g\000l\000e\000\040\000C\000l\000o\000u\000d}{}% 58
\BOOKMARK [1][-]{section.4.1}{\376\377\000V\000i\000s\000i\000\363\000n\000\040\000G\000e\000n\000e\000r\000a\000l\000\040\000d\000e\000l\000\040\000S\000e\000r\000v\000i\000d\000o\000r}{chapter.4}% 59
\BOOKMARK [1][-]{section.4.2}{\376\377\000A\000r\000q\000u\000i\000t\000e\000c\000t\000u\000r\000a\000\040\000d\000e\000\040\000C\000o\000n\000t\000e\000n\000e\000d\000o\000r\000e\000s\000\040\000D\000o\000c\000k\000e\000r}{chapter.4}% 60
\BOOKMARK [1][-]{section.4.3}{\376\377\000R\000e\000d\000i\000s\000:\000\040\000B\000u\000s\000\040\000d\000e\000\040\000M\000e\000n\000s\000a\000j\000e\000s\000\040\000y\000\040\000C\000a\000c\000h\000\351}{chapter.4}% 61
\BOOKMARK [2][-]{subsection.4.3.1}{\376\377\000L\000a\000s\000\040\000C\000u\000a\000t\000r\000o\000\040\000C\000a\000t\000e\000g\000o\000r\000\355\000a\000s\000\040\000d\000e\000\040\000D\000a\000t\000o\000s\000\040\000e\000n\000\040\000R\000e\000d\000i\000s}{section.4.3}% 62
\BOOKMARK [2][-]{subsection.4.3.2}{\376\377\000C\000a\000n\000a\000l\000e\000s\000\040\000P\000u\000b\000/\000S\000u\000b}{section.4.3}% 63
\BOOKMARK [1][-]{section.4.4}{\376\377\000P\000o\000s\000t\000g\000r\000e\000S\000Q\000L\000:\000\040\000P\000e\000r\000s\000i\000s\000t\000e\000n\000c\000i\000a\000\040\000y\000\040\000E\000s\000q\000u\000e\000m\000a\000\040\000d\000e\000\040\000D\000a\000t\000o\000s}{chapter.4}% 64
\BOOKMARK [1][-]{section.4.5}{\376\377\000E\000l\000\040\000W\000o\000r\000k\000e\000r\000\040\000M\000a\000t\000e\000m\000\341\000t\000i\000c\000o}{chapter.4}% 65
\BOOKMARK [1][-]{section.4.6}{\376\377\000E\000l\000\040\000S\000e\000c\000u\000e\000n\000c\000i\000a\000d\000o\000r}{chapter.4}% 66
\BOOKMARK [1][-]{section.4.7}{\376\377\000E\000l\000\040\000B\000a\000c\000k\000e\000n\000d\000\040\000F\000a\000s\000t\000A\000P\000I}{chapter.4}% 67
\BOOKMARK [1][-]{section.4.8}{\376\377\000E\000l\000\040\000F\000r\000o\000n\000t\000e\000n\000d\000\040\000R\000e\000a\000c\000t}{chapter.4}% 68
\BOOKMARK [1][-]{section.4.9}{\376\377\000D\000o\000c\000u\000m\000e\000n\000t\000a\000c\000i\000\363\000n\000\040\000d\000e\000\040\000l\000a\000\040\000A\000P\000I\000\040\000R\000E\000S\000T}{chapter.4}% 69
\BOOKMARK [2][-]{subsection.4.9.1}{\376\377\000S\000i\000s\000t\000e\000m\000a\000\040\000\050\000/\000a\000p\000i\000/\000s\000y\000s\000t\000e\000m\000\051}{section.4.9}% 70
\BOOKMARK [2][-]{subsection.4.9.2}{\376\377\000A\000u\000t\000e\000n\000t\000i\000c\000a\000c\000i\000\363\000n\000\040\000\050\000/\000a\000p\000i\000/\000a\000u\000t\000h\000\051}{section.4.9}% 71
\BOOKMARK [2][-]{subsection.4.9.3}{\376\377\000C\000o\000m\000a\000n\000d\000o\000s\000\040\000\050\000/\000a\000p\000i\000/\000c\000o\000m\000m\000a\000n\000d\000\051}{section.4.9}% 72
\BOOKMARK [2][-]{subsection.4.9.4}{\376\377\000D\000e\000s\000c\000u\000b\000r\000i\000m\000i\000e\000n\000t\000o\000\040\000\050\000/\000a\000p\000i\000/\000d\000i\000s\000c\000o\000v\000e\000r\000y\000\051}{section.4.9}% 73
\BOOKMARK [2][-]{subsection.4.9.5}{\376\377\000H\000i\000s\000t\000o\000r\000i\000a\000l\000\040\000d\000e\000\040\000T\000e\000l\000e\000m\000e\000t\000r\000\355\000a\000\040\000\050\000/\000a\000p\000i\000/\000h\000i\000s\000t\000o\000r\000y\000\051}{section.4.9}% 74
\BOOKMARK [2][-]{subsection.4.9.6}{\376\377\000L\000I\000M\000S\000\040\040\024\000\040\000P\000l\000a\000n\000t\000a\000s\000\040\000y\000\040\000E\000x\000p\000e\000r\000i\000m\000e\000n\000t\000o\000s\000\040\000\050\000/\000a\000p\000i\000/\000l\000i\000m\000s\000\051}{section.4.9}% 75
\BOOKMARK [2][-]{subsection.4.9.7}{\376\377\000A\000n\000\341\000l\000i\000s\000i\000s\000\040\000C\000i\000e\000n\000t\000\355\000f\000i\000c\000o\000\040\000\050\000/\000a\000p\000i\000/\000a\000n\000a\000l\000y\000s\000i\000s\000\051}{section.4.9}% 76
\BOOKMARK [2][-]{subsection.4.9.8}{\376\377\000S\000D\000K\000\040\000C\000i\000e\000n\000t\000\355\000f\000i\000c\000o\000\040\000\050\000/\000a\000p\000i\000/\000s\000d\000k\000\051}{section.4.9}% 77
\BOOKMARK [2][-]{subsection.4.9.9}{\376\377\000E\000x\000p\000o\000r\000t\000a\000c\000i\000\363\000n\000\040\000\050\000/\000a\000p\000i\000/\000e\000x\000p\000o\000r\000t\000\051}{section.4.9}% 78
\BOOKMARK [1][-]{section.4.10}{\376\377\000E\000l\000\040\000C\000a\000n\000a\000l\000\040\000W\000e\000b\000S\000o\000c\000k\000e\000t}{chapter.4}% 79
\BOOKMARK [0][-]{chapter.5}{\376\377\000S\000D\000K\000\040\000C\000i\000e\000n\000t\000\355\000f\000i\000c\000o\000\040\000d\000e\000\040\000P\000y\000t\000h\000o\000n\000\040\040\024\000\040\000d\000e\000m\000e\000t\000e\000r\000\137\000s\000d\000k}{}% 80
\BOOKMARK [1][-]{section.5.1}{\376\377\000P\000r\000o\000p\000\363\000s\000i\000t\000o\000\040\000y\000\040\000F\000i\000l\000o\000s\000o\000f\000\355\000a}{chapter.5}% 81
\BOOKMARK [1][-]{section.5.2}{\376\377\000A\000r\000q\000u\000i\000t\000e\000c\000t\000u\000r\000a\000\040\000M\000o\000d\000u\000l\000a\000r}{chapter.5}% 82
\BOOKMARK [1][-]{section.5.3}{\376\377\000I\000n\000s\000t\000a\000l\000a\000c\000i\000\363\000n\000\040\000y\000\040\000C\000o\000n\000f\000i\000g\000u\000r\000a\000c\000i\000\363\000n}{chapter.5}% 83
\BOOKMARK [1][-]{section.5.4}{\376\377\000O\000b\000t\000e\000n\000c\000i\000\363\000n\000\040\000d\000e\000\040\000D\000a\000t\000o\000s\000:\000\040\000M\000\363\000d\000u\000l\000o\000\040\000F\000e\000t\000c\000h\000e\000r}{chapter.5}% 84
\BOOKMARK [1][-]{section.5.5}{\376\377\000P\000i\000p\000e\000l\000i\000n\000e\000\040\000E\000T\000L\000:\000\040\000M\000\363\000d\000u\000l\000o\000\040\000T\000r\000a\000n\000s\000f\000o\000r\000m}{chapter.5}% 85
\BOOKMARK [1][-]{section.5.6}{\376\377\000C\000\341\000l\000c\000u\000l\000o\000s\000\040\000A\000g\000r\000o\000n\000\363\000m\000i\000c\000o\000s\000:\000\040\000M\000\363\000d\000u\000l\000o\000\040\000S\000c\000i\000e\000n\000c\000e}{chapter.5}% 86
\BOOKMARK [2][-]{subsection.5.6.1}{\376\377\000T\000e\000r\000m\000o\000d\000i\000n\000\341\000m\000i\000c\000a\000\040\000d\000e\000l\000\040\000A\000i\000r\000e\000\040\000H\000\372\000m\000e\000d\000o}{section.5.6}% 87
\BOOKMARK [2][-]{subsection.5.6.2}{\376\377\000F\000e\000n\000o\000l\000o\000g\000\355\000a\000\040\000y\000\040\000T\000i\000e\000m\000p\000o}{section.5.6}% 88
\BOOKMARK [2][-]{subsection.5.6.3}{\376\377\000E\000s\000t\000a\000d\000\355\000s\000t\000i\000c\000a\000\040\000y\000\040\000D\000e\000t\000e\000c\000c\000i\000\363\000n\000\040\000d\000e\000\040\000A\000n\000o\000m\000a\000l\000\355\000a\000s}{section.5.6}% 89
\BOOKMARK [1][-]{section.5.7}{\376\377\000E\000l\000\040\000H\000e\000l\000p\000e\000r\000\040\000e\000n\000r\000i\000c\000h\000\050\000\051\000:\000\040\000E\000n\000r\000i\000q\000u\000e\000c\000i\000m\000i\000e\000n\000t\000o\000\040\000e\000n\000\040\000U\000n\000a\000\040\000L\000l\000a\000m\000a\000d\000a}{chapter.5}% 90
\BOOKMARK [1][-]{section.5.8}{\376\377\000V\000i\000s\000u\000a\000l\000i\000z\000a\000c\000i\000\363\000n\000\040\000C\000i\000e\000n\000t\000\355\000f\000i\000c\000a\000:\000\040\000M\000\363\000d\000u\000l\000o\000\040\000V\000i\000z}{chapter.5}% 91
\BOOKMARK [1][-]{section.5.9}{\376\377\000E\000x\000p\000o\000r\000t\000a\000c\000i\000\363\000n\000\040\000C\000i\000e\000n\000t\000\355\000f\000i\000c\000a\000:\000\040\000M\000\363\000d\000u\000l\000o\000\040\000E\000x\000p\000o\000r\000t}{chapter.5}% 92
\BOOKMARK [2][-]{subsection.5.9.1}{\376\377\000C\000S\000V}{section.5.9}% 93
\BOOKMARK [2][-]{subsection.5.9.2}{\376\377\000E\000x\000c\000e\000l\000\040\000M\000u\000l\000t\000i\000-\000h\000o\000j\000a}{section.5.9}% 94
\BOOKMARK [1][-]{section.5.10}{\376\377\000S\000u\000i\000t\000e\000\040\000C\000o\000m\000p\000l\000e\000t\000a\000\040\040\024\000\040\000U\000n\000\040\000S\000o\000l\000o\000\040\000C\000o\000m\000a\000n\000d\000o}{chapter.5}% 95
\BOOKMARK [1][-]{section.5.11}{\376\377\000E\000j\000e\000m\000p\000l\000o\000\040\000d\000e\000\040\000S\000e\000s\000i\000\363\000n\000\040\000C\000o\000m\000p\000l\000e\000t\000a\000\040\000c\000o\000n\000\040\000J\000u\000p\000y\000t\000e\000r}{chapter.5}% 96
\BOOKMARK [1][-]{section.5.12}{\376\377\000R\000e\000f\000e\000r\000e\000n\000c\000i\000a\000\040\000R\000\341\000p\000i\000d\000a\000\040\000d\000e\000\040\000P\000a\000r\000\341\000m\000e\000t\000r\000o\000s}{chapter.5}% 97
\BOOKMARK [0][-]{appendix.A}{\376\377\000D\000i\000a\000g\000r\000a\000m\000a\000s\000\040\000d\000e\000l\000\040\000P\000r\000o\000t\000o\000c\000o\000l\000o\000\040\000B\000i\000n\000a\000r\000i\000o\000\040\000D\000e\000m\000e\000t\000e\000r}{}% 98
\BOOKMARK [0][-]{appendix.B}{\376\377\000A\000r\000q\000u\000i\000t\000e\000c\000t\000u\000r\000a\000\040\000d\000e\000l\000\040\000S\000e\000r\000v\000i\000c\000i\000o\000\040\000R\000a\000s\000p\000b\000e\000r\000r\000y\000\040\000P\000i}{}% 99
\BOOKMARK [0][-]{appendix.C}{\376\377\000A\000r\000q\000u\000i\000t\000e\000c\000t\000u\000r\000a\000\040\000d\000e\000l\000\040\000B\000a\000c\000k\000e\000n\000d}{}% 100
