2026-02-10 02:04:32,331 | INFO | --- 🏭 Generador de Datos para Grafana ---
2026-02-10 02:04:32,331 | INFO | 📁 Base de Datos: /tmp/grafana_demo.db
2026-02-10 02:04:32,331 | INFO | 📝 Logs guardados en: /home/danielmf31/Documentos/PlatformIO/Projects/Proyecto_Demeter/Python/Playground/SQL/logs/session_2026-02-10_02-04-32.log
2026-02-10 02:04:32,331 | INFO | ------------------------------------------
2026-02-10 02:04:32,332 | INFO | 🔓 Permisos actualizados a 666 para: /tmp/grafana_demo.db
2026-02-10 02:04:32,332 | INFO | --- ⏱️ Ciclo: 2026-02-10 01:04:32 ---
2026-02-10 02:04:32,332 | INFO | 📡 Insertando: Sensor_Patio    | Temp: 11.46°C
2026-02-10 02:04:32,332 | INFO | 📡 Insertando: Sensor_Cocina   | Temp: 17.77°C
2026-02-10 02:04:32,332 | INFO | 📡 Insertando: Sensor_Salon    | Temp: 17.01°C
2026-02-10 02:04:32,332 | INFO | 🔋 Insertando: Bateria_General | 99.5%
2026-02-10 02:04:32,332 | INFO | 💧 Insertando: Humedad_Patio   | 84.6%
2026-02-10 02:04:37,336 | INFO | --- ⏱️ Ciclo: 2026-02-10 01:04:37 ---
2026-02-10 02:04:37,336 | INFO | 📡 Insertando: Sensor_Patio    | Temp: 13.38°C
2026-02-10 02:04:37,337 | INFO | 📡 Insertando: Sensor_Cocina   | Temp: 19.94°C
2026-02-10 02:04:37,337 | INFO | 📡 Insertando: Sensor_Salon    | Temp: 14.73°C
2026-02-10 02:04:37,337 | INFO | 🔋 Insertando: Bateria_General | 99.0%
2026-02-10 02:04:37,337 | INFO | 💧 Insertando: Humedad_Patio   | 79.7%
2026-02-10 02:04:42,342 | INFO | --- ⏱️ Ciclo: 2026-02-10 01:04:42 ---
2026-02-10 02:04:42,342 | INFO | 📡 Insertando: Sensor_Patio    | Temp: 15.88°C
2026-02-10 02:04:42,342 | INFO | 📡 Insertando: Sensor_Cocina   | Temp: 17.39°C
2026-02-10 02:04:42,342 | INFO | 📡 Insertando: Sensor_Salon    | Temp: 17.01°C
2026-02-10 02:04:42,343 | INFO | 🔋 Insertando: Bateria_General | 98.5%
2026-02-10 02:04:42,343 | INFO | 💧 Insertando: Humedad_Patio   | 76.4%
2026-02-10 02:04:47,346 | INFO | --- ⏱️ Ciclo: 2026-02-10 01:04:47 ---
2026-02-10 02:04:47,346 | INFO | 📡 Insertando: Sensor_Patio    | Temp: 18.43°C
2026-02-10 02:04:47,346 | INFO | 📡 Insertando: Sensor_Cocina   | Temp: 14.96°C
2026-02-10 02:04:47,346 | INFO | 📡 Insertando: Sensor_Salon    | Temp: 14.29°C
2026-02-10 02:04:47,346 | INFO | 🔋 Insertando: Bateria_General | 98.0%
2026-02-10 02:04:47,346 | INFO | 💧 Insertando: Humedad_Patio   | 70.8%
2026-02-10 02:04:52,349 | INFO | --- ⏱️ Ciclo: 2026-02-10 01:04:52 ---
2026-02-10 02:04:52,349 | INFO | 📡 Insertando: Sensor_Patio    | Temp: 16.59°C
2026-02-10 02:04:52,349 | INFO | 📡 Insertando: Sensor_Cocina   | Temp: 13.67°C
2026-02-10 02:04:52,349 | INFO | 📡 Insertando: Sensor_Salon    | Temp: 17.11°C
2026-02-10 02:04:52,349 | INFO | 🔋 Insertando: Bateria_General | 97.5%
2026-02-10 02:04:52,349 | INFO | 💧 Insertando: Humedad_Patio   | 74.5%
2026-02-10 02:04:57,352 | INFO | --- ⏱️ Ciclo: 2026-02-10 01:04:57 ---
2026-02-10 02:04:57,353 | INFO | 📡 Insertando: Sensor_Patio    | Temp: 19.32°C
2026-02-10 02:04:57,354 | INFO | 📡 Insertando: Sensor_Cocina   | Temp: 15.73°C
2026-02-10 02:04:57,354 | INFO | 📡 Insertando: Sensor_Salon    | Temp: 19.09°C
2026-02-10 02:04:57,354 | INFO | 🔋 Insertando: Bateria_General | 97.0%
2026-02-10 02:04:57,354 | INFO | 💧 Insertando: Humedad_Patio   | 73.0%
2026-02-10 02:05:02,358 | INFO | --- ⏱️ Ciclo: 2026-02-10 01:05:02 ---
2026-02-10 02:05:02,358 | INFO | 📡 Insertando: Sensor_Patio    | Temp: 18.06°C
2026-02-10 02:05:02,359 | INFO | 📡 Insertando: Sensor_Cocina   | Temp: 18.10°C
2026-02-10 02:05:02,359 | INFO | 📡 Insertando: Sensor_Salon    | Temp: 17.27°C
2026-02-10 02:05:02,359 | INFO | 🔋 Insertando: Bateria_General | 96.5%
2026-02-10 02:05:02,359 | INFO | 💧 Insertando: Humedad_Patio   | 72.3%
2026-02-10 02:05:07,367 | INFO | --- ⏱️ Ciclo: 2026-02-10 01:05:07 ---
2026-02-10 02:05:07,368 | INFO | 📡 Insertando: Sensor_Patio    | Temp: 17.68°C
2026-02-10 02:05:07,369 | INFO | 📡 Insertando: Sensor_Cocina   | Temp: 17.10°C
2026-02-10 02:05:07,369 | INFO | 📡 Insertando: Sensor_Salon    | Temp: 14.37°C
2026-02-10 02:05:07,369 | INFO | 🔋 Insertando: Bateria_General | 96.0%
2026-02-10 02:05:07,369 | INFO | 💧 Insertando: Humedad_Patio   | 72.9%
2026-02-10 02:05:12,372 | INFO | --- ⏱️ Ciclo: 2026-02-10 01:05:12 ---
2026-02-10 02:05:12,372 | INFO | 📡 Insertando: Sensor_Patio    | Temp: 14.54°C
2026-02-10 02:05:12,372 | INFO | 📡 Insertando: Sensor_Cocina   | Temp: 14.95°C
2026-02-10 02:05:12,373 | INFO | 📡 Insertando: Sensor_Salon    | Temp: 15.91°C
2026-02-10 02:05:12,373 | INFO | 🔋 Insertando: Bateria_General | 95.5%
2026-02-10 02:05:12,373 | INFO | 💧 Insertando: Humedad_Patio   | 78.9%
2026-02-10 02:05:17,376 | INFO | --- ⏱️ Ciclo: 2026-02-10 01:05:17 ---
2026-02-10 02:05:17,377 | INFO | 📡 Insertando: Sensor_Patio    | Temp: 17.41°C
2026-02-10 02:05:17,377 | INFO | 📡 Insertando: Sensor_Cocina   | Temp: 12.96°C
2026-02-10 02:05:17,377 | INFO | 📡 Insertando: Sensor_Salon    | Temp: 12.22°C
2026-02-10 02:05:17,378 | INFO | 🔋 Insertando: Bateria_General | 95.0%
2026-02-10 02:05:17,378 | INFO | 💧 Insertando: Humedad_Patio   | 72.2%
2026-02-10 02:05:22,381 | INFO | --- ⏱️ Ciclo: 2026-02-10 01:05:22 ---
2026-02-10 02:05:22,381 | INFO | 📡 Insertando: Sensor_Patio    | Temp: 14.94°C
2026-02-10 02:05:22,382 | INFO | 📡 Insertando: Sensor_Cocina   | Temp: 10.17°C
2026-02-10 02:05:22,382 | INFO | 📡 Insertando: Sensor_Salon    | Temp: 14.64°C
2026-02-10 02:05:22,382 | INFO | 🔋 Insertando: Bateria_General | 94.5%
2026-02-10 02:05:22,382 | INFO | 💧 Insertando: Humedad_Patio   | 78.0%
2026-02-10 02:05:27,386 | INFO | --- ⏱️ Ciclo: 2026-02-10 01:05:27 ---
2026-02-10 02:05:27,386 | INFO | 📡 Insertando: Sensor_Patio    | Temp: 17.13°C
2026-02-10 02:05:27,387 | INFO | 📡 Insertando: Sensor_Cocina   | Temp: 12.71°C
2026-02-10 02:05:27,387 | INFO | 📡 Insertando: Sensor_Salon    | Temp: 16.96°C
2026-02-10 02:05:27,388 | INFO | 🔋 Insertando: Bateria_General | 94.0%
2026-02-10 02:05:27,388 | INFO | 💧 Insertando: Humedad_Patio   | 76.2%
2026-02-10 02:05:32,392 | INFO | --- ⏱️ Ciclo: 2026-02-10 01:05:32 ---
2026-02-10 02:05:32,392 | INFO | 📡 Insertando: Sensor_Patio    | Temp: 16.98°C
2026-02-10 02:05:32,393 | INFO | 📡 Insertando: Sensor_Cocina   | Temp: 14.06°C
2026-02-10 02:05:32,394 | INFO | 📡 Insertando: Sensor_Salon    | Temp: 13.94°C
2026-02-10 02:05:32,394 | INFO | 🔋 Insertando: Bateria_General | 93.5%
2026-02-10 02:05:32,394 | INFO | 💧 Insertando: Humedad_Patio   | 74.1%
2026-02-10 02:05:37,398 | INFO | --- ⏱️ Ciclo: 2026-02-10 01:05:37 ---
2026-02-10 02:05:37,399 | INFO | 📡 Insertando: Sensor_Patio    | Temp: 18.90°C
2026-02-10 02:05:37,399 | INFO | 📡 Insertando: Sensor_Cocina   | Temp: 11.74°C
2026-02-10 02:05:37,400 | INFO | 📡 Insertando: Sensor_Salon    | Temp: 11.69°C
2026-02-10 02:05:37,400 | INFO | 🔋 Insertando: Bateria_General | 93.0%
2026-02-10 02:05:37,400 | INFO | 💧 Insertando: Humedad_Patio   | 70.7%
2026-02-10 02:05:42,404 | INFO | --- ⏱️ Ciclo: 2026-02-10 01:05:42 ---
2026-02-10 02:05:42,404 | INFO | 📡 Insertando: Sensor_Patio    | Temp: 16.52°C
2026-02-10 02:05:42,405 | INFO | 📡 Insertando: Sensor_Cocina   | Temp: 14.38°C
2026-02-10 02:05:42,405 | INFO | 📡 Insertando: Sensor_Salon    | Temp: 13.70°C
2026-02-10 02:05:42,405 | INFO | 🔋 Insertando: Bateria_General | 92.5%
2026-02-10 02:05:42,405 | INFO | 💧 Insertando: Humedad_Patio   | 76.5%
2026-02-10 02:05:47,410 | INFO | --- ⏱️ Ciclo: 2026-02-10 01:05:47 ---
2026-02-10 02:05:47,411 | INFO | 📡 Insertando: Sensor_Patio    | Temp: 13.56°C
2026-02-10 02:05:47,412 | INFO | 📡 Insertando: Sensor_Cocina   | Temp: 16.40°C
2026-02-10 02:05:47,412 | INFO | 📡 Insertando: Sensor_Salon    | Temp: 11.43°C
2026-02-10 02:05:47,412 | INFO | 🔋 Insertando: Bateria_General | 92.0%
2026-02-10 02:05:47,412 | INFO | 💧 Insertando: Humedad_Patio   | 78.5%
2026-02-10 02:05:52,416 | INFO | --- ⏱️ Ciclo: 2026-02-10 01:05:52 ---
2026-02-10 02:05:52,416 | INFO | 📡 Insertando: Sensor_Patio    | Temp: 10.91°C
2026-02-10 02:05:52,416 | INFO | 📡 Insertando: Sensor_Cocina   | Temp: 18.74°C
2026-02-10 02:05:52,416 | INFO | 📡 Insertando: Sensor_Salon    | Temp: 13.25°C
2026-02-10 02:05:52,416 | INFO | 🔋 Insertando: Bateria_General | 91.5%
2026-02-10 02:05:52,416 | INFO | 💧 Insertando: Humedad_Patio   | 83.0%
2026-02-10 02:05:57,420 | INFO | --- ⏱️ Ciclo: 2026-02-10 01:05:57 ---
2026-02-10 02:05:57,421 | INFO | 📡 Insertando: Sensor_Patio    | Temp: 12.33°C
2026-02-10 02:05:57,422 | INFO | 📡 Insertando: Sensor_Cocina   | Temp: 17.22°C
2026-02-10 02:05:57,422 | INFO | 📡 Insertando: Sensor_Salon    | Temp: 11.08°C
2026-02-10 02:05:57,422 | INFO | 🔋 Insertando: Bateria_General | 91.0%
2026-02-10 02:05:57,423 | INFO | 💧 Insertando: Humedad_Patio   | 81.0%
2026-02-10 02:06:02,426 | INFO | --- ⏱️ Ciclo: 2026-02-10 01:06:02 ---
2026-02-10 02:06:02,426 | INFO | 📡 Insertando: Sensor_Patio    | Temp: 13.44°C
2026-02-10 02:06:02,427 | INFO | 📡 Insertando: Sensor_Cocina   | Temp: 19.62°C
2026-02-10 02:06:02,427 | INFO | 📡 Insertando: Sensor_Salon    | Temp: 13.18°C
2026-02-10 02:06:02,427 | INFO | 🔋 Insertando: Bateria_General | 90.5%
2026-02-10 02:06:02,427 | INFO | 💧 Insertando: Humedad_Patio   | 79.5%
2026-02-10 02:06:07,431 | INFO | --- ⏱️ Ciclo: 2026-02-10 01:06:07 ---
2026-02-10 02:06:07,431 | INFO | 📡 Insertando: Sensor_Patio    | Temp: 10.93°C
2026-02-10 02:06:07,432 | INFO | 📡 Insertando: Sensor_Cocina   | Temp: 16.82°C
2026-02-10 02:06:07,432 | INFO | 📡 Insertando: Sensor_Salon    | Temp: 15.30°C
2026-02-10 02:06:07,432 | INFO | 🔋 Insertando: Bateria_General | 90.0%
2026-02-10 02:06:07,432 | INFO | 💧 Insertando: Humedad_Patio   | 83.7%
2026-02-10 02:06:12,436 | INFO | --- ⏱️ Ciclo: 2026-02-10 01:06:12 ---
2026-02-10 02:06:12,436 | INFO | 📡 Insertando: Sensor_Patio    | Temp: 13.00°C
2026-02-10 02:06:12,437 | INFO | 📡 Insertando: Sensor_Cocina   | Temp: 16.82°C
2026-02-10 02:06:12,437 | INFO | 📡 Insertando: Sensor_Salon    | Temp: 12.27°C
2026-02-10 02:06:12,437 | INFO | 🔋 Insertando: Bateria_General | 89.5%
2026-02-10 02:06:12,437 | INFO | 💧 Insertando: Humedad_Patio   | 80.2%
2026-02-10 02:06:17,441 | INFO | --- ⏱️ Ciclo: 2026-02-10 01:06:17 ---
2026-02-10 02:06:17,441 | INFO | 📡 Insertando: Sensor_Patio    | Temp: 16.04°C
2026-02-10 02:06:17,442 | INFO | 📡 Insertando: Sensor_Cocina   | Temp: 14.59°C
2026-02-10 02:06:17,443 | INFO | 📡 Insertando: Sensor_Salon    | Temp: 12.71°C
2026-02-10 02:06:17,443 | INFO | 🔋 Insertando: Bateria_General | 89.0%
2026-02-10 02:06:17,443 | INFO | 💧 Insertando: Humedad_Patio   | 77.1%
2026-02-10 02:06:22,460 | INFO | --- ⏱️ Ciclo: 2026-02-10 01:06:22 ---
2026-02-10 02:06:22,461 | INFO | 📡 Insertando: Sensor_Patio    | Temp: 13.81°C
2026-02-10 02:06:22,461 | INFO | 📡 Insertando: Sensor_Cocina   | Temp: 11.74°C
2026-02-10 02:06:22,461 | INFO | 📡 Insertando: Sensor_Salon    | Temp: 10.57°C
2026-02-10 02:06:22,461 | INFO | 🔋 Insertando: Bateria_General | 88.5%
2026-02-10 02:06:22,461 | INFO | 💧 Insertando: Humedad_Patio   | 78.3%
2026-02-10 02:06:27,464 | INFO | --- ⏱️ Ciclo: 2026-02-10 01:06:27 ---
2026-02-10 02:06:27,464 | INFO | 📡 Insertando: Sensor_Patio    | Temp: 11.12°C
2026-02-10 02:06:27,465 | INFO | 📡 Insertando: Sensor_Cocina   | Temp: 12.83°C
2026-02-10 02:06:27,466 | INFO | 📡 Insertando: Sensor_Salon    | Temp: 12.97°C
2026-02-10 02:06:27,466 | INFO | 🔋 Insertando: Bateria_General | 88.0%
2026-02-10 02:06:27,466 | INFO | 💧 Insertando: Humedad_Patio   | 82.6%
2026-02-10 02:06:32,470 | INFO | --- ⏱️ Ciclo: 2026-02-10 01:06:32 ---
2026-02-10 02:06:32,470 | INFO | 📡 Insertando: Sensor_Patio    | Temp: 11.99°C
2026-02-10 02:06:32,471 | INFO | 📡 Insertando: Sensor_Cocina   | Temp: 10.71°C
2026-02-10 02:06:32,471 | INFO | 📡 Insertando: Sensor_Salon    | Temp: 10.44°C
2026-02-10 02:06:32,471 | INFO | 🔋 Insertando: Bateria_General | 87.5%
2026-02-10 02:06:32,471 | INFO | 💧 Insertando: Humedad_Patio   | 81.9%
2026-02-10 02:06:37,476 | INFO | --- ⏱️ Ciclo: 2026-02-10 01:06:37 ---
2026-02-10 02:06:37,476 | INFO | 📡 Insertando: Sensor_Patio    | Temp: 15.83°C
2026-02-10 02:06:37,477 | INFO | 📡 Insertando: Sensor_Cocina   | Temp: 12.82°C
2026-02-10 02:06:37,477 | INFO | 📡 Insertando: Sensor_Salon    | Temp: 13.25°C
2026-02-10 02:06:37,477 | INFO | 🔋 Insertando: Bateria_General | 87.0%
2026-02-10 02:06:37,477 | INFO | 💧 Insertando: Humedad_Patio   | 75.3%
2026-02-10 02:06:42,481 | INFO | --- ⏱️ Ciclo: 2026-02-10 01:06:42 ---
2026-02-10 02:06:42,487 | INFO | 📡 Insertando: Sensor_Patio    | Temp: 19.02°C
2026-02-10 02:06:42,488 | INFO | 📡 Insertando: Sensor_Cocina   | Temp: 10.73°C
2026-02-10 02:06:42,488 | INFO | 📡 Insertando: Sensor_Salon    | Temp: 15.61°C
2026-02-10 02:06:42,488 | INFO | 🔋 Insertando: Bateria_General | 86.5%
2026-02-10 02:06:42,488 | INFO | 💧 Insertando: Humedad_Patio   | 70.8%
2026-02-10 02:06:47,490 | INFO | --- ⏱️ Ciclo: 2026-02-10 01:06:47 ---
2026-02-10 02:06:47,490 | INFO | 📡 Insertando: Sensor_Patio    | Temp: 16.49°C
2026-02-10 02:06:47,491 | INFO | 📡 Insertando: Sensor_Cocina   | Temp: 12.87°C
2026-02-10 02:06:47,491 | INFO | 📡 Insertando: Sensor_Salon    | Temp: 14.51°C
2026-02-10 02:06:47,491 | INFO | 🔋 Insertando: Bateria_General | 86.0%
2026-02-10 02:06:47,491 | INFO | 💧 Insertando: Humedad_Patio   | 74.3%
2026-02-10 02:06:52,494 | INFO | --- ⏱️ Ciclo: 2026-02-10 01:06:52 ---
2026-02-10 02:06:52,494 | INFO | 📡 Insertando: Sensor_Patio    | Temp: 14.57°C
2026-02-10 02:06:52,495 | INFO | 📡 Insertando: Sensor_Cocina   | Temp: 15.74°C
2026-02-10 02:06:52,495 | INFO | 📡 Insertando: Sensor_Salon    | Temp: 11.52°C
2026-02-10 02:06:52,495 | INFO | 🔋 Insertando: Bateria_General | 85.5%
2026-02-10 02:06:52,495 | INFO | 💧 Insertando: Humedad_Patio   | 77.3%
2026-02-10 02:06:57,499 | INFO | --- ⏱️ Ciclo: 2026-02-10 01:06:57 ---
2026-02-10 02:06:57,499 | INFO | 📡 Insertando: Sensor_Patio    | Temp: 17.50°C
2026-02-10 02:06:57,499 | INFO | 📡 Insertando: Sensor_Cocina   | Temp: 18.29°C
2026-02-10 02:06:57,499 | INFO | 📡 Insertando: Sensor_Salon    | Temp: 13.93°C
2026-02-10 02:06:57,499 | INFO | 🔋 Insertando: Bateria_General | 85.0%
2026-02-10 02:06:57,499 | INFO | 💧 Insertando: Humedad_Patio   | 72.5%
2026-02-10 02:07:02,502 | INFO | --- ⏱️ Ciclo: 2026-02-10 01:07:02 ---
2026-02-10 02:07:02,503 | INFO | 📡 Insertando: Sensor_Patio    | Temp: 15.04°C
2026-02-10 02:07:02,504 | INFO | 📡 Insertando: Sensor_Cocina   | Temp: 16.65°C
2026-02-10 02:07:02,504 | INFO | 📡 Insertando: Sensor_Salon    | Temp: 11.25°C
2026-02-10 02:07:02,504 | INFO | 🔋 Insertando: Bateria_General | 84.5%
2026-02-10 02:07:02,504 | INFO | 💧 Insertando: Humedad_Patio   | 79.3%
2026-02-10 02:07:07,512 | INFO | --- ⏱️ Ciclo: 2026-02-10 01:07:07 ---
2026-02-10 02:07:07,512 | INFO | 📡 Insertando: Sensor_Patio    | Temp: 12.80°C
2026-02-10 02:07:07,514 | INFO | 📡 Insertando: Sensor_Cocina   | Temp: 14.70°C
2026-02-10 02:07:07,514 | INFO | 📡 Insertando: Sensor_Salon    | Temp: 14.12°C
2026-02-10 02:07:07,514 | INFO | 🔋 Insertando: Bateria_General | 84.0%
2026-02-10 02:07:07,514 | INFO | 💧 Insertando: Humedad_Patio   | 79.5%
2026-02-10 02:07:12,518 | INFO | --- ⏱️ Ciclo: 2026-02-10 01:07:12 ---
2026-02-10 02:07:12,518 | INFO | 📡 Insertando: Sensor_Patio    | Temp: 14.86°C
2026-02-10 02:07:12,519 | INFO | 📡 Insertando: Sensor_Cocina   | Temp: 17.31°C
2026-02-10 02:07:12,519 | INFO | 📡 Insertando: Sensor_Salon    | Temp: 16.88°C
2026-02-10 02:07:12,520 | INFO | 🔋 Insertando: Bateria_General | 83.5%
2026-02-10 02:07:12,520 | INFO | 💧 Insertando: Humedad_Patio   | 77.1%
2026-02-10 02:07:17,528 | INFO | --- ⏱️ Ciclo: 2026-02-10 01:07:17 ---
2026-02-10 02:07:17,528 | INFO | 📡 Insertando: Sensor_Patio    | Temp: 17.12°C
2026-02-10 02:07:17,529 | INFO | 📡 Insertando: Sensor_Cocina   | Temp: 14.69°C
2026-02-10 02:07:17,529 | INFO | 📡 Insertando: Sensor_Salon    | Temp: 14.10°C
2026-02-10 02:07:17,529 | INFO | 🔋 Insertando: Bateria_General | 83.0%
2026-02-10 02:07:17,530 | INFO | 💧 Insertando: Humedad_Patio   | 74.1%
2026-02-10 02:07:22,533 | INFO | --- ⏱️ Ciclo: 2026-02-10 01:07:22 ---
2026-02-10 02:07:22,535 | INFO | 📡 Insertando: Sensor_Patio    | Temp: 19.50°C
2026-02-10 02:07:22,536 | INFO | 📡 Insertando: Sensor_Cocina   | Temp: 17.43°C
2026-02-10 02:07:22,537 | INFO | 📡 Insertando: Sensor_Salon    | Temp: 11.28°C
2026-02-10 02:07:22,537 | INFO | 🔋 Insertando: Bateria_General | 82.5%
2026-02-10 02:07:22,537 | INFO | 💧 Insertando: Humedad_Patio   | 71.4%
2026-02-10 02:07:27,540 | INFO | --- ⏱️ Ciclo: 2026-02-10 01:07:27 ---
2026-02-10 02:07:27,540 | INFO | 📡 Insertando: Sensor_Patio    | Temp: 17.89°C
2026-02-10 02:07:27,541 | INFO | 📡 Insertando: Sensor_Cocina   | Temp: 17.01°C
2026-02-10 02:07:27,541 | INFO | 📡 Insertando: Sensor_Salon    | Temp: 14.60°C
2026-02-10 02:07:27,541 | INFO | 🔋 Insertando: Bateria_General | 82.0%
2026-02-10 02:07:27,541 | INFO | 💧 Insertando: Humedad_Patio   | 73.5%
2026-02-10 02:07:32,546 | INFO | --- ⏱️ Ciclo: 2026-02-10 01:07:32 ---
2026-02-10 02:07:32,546 | INFO | 📡 Insertando: Sensor_Patio    | Temp: 17.57°C
2026-02-10 02:07:32,547 | INFO | 📡 Insertando: Sensor_Cocina   | Temp: 19.26°C
2026-02-10 02:07:32,547 | INFO | 📡 Insertando: Sensor_Salon    | Temp: 16.80°C
2026-02-10 02:07:32,548 | INFO | 🔋 Insertando: Bateria_General | 81.5%
2026-02-10 02:07:32,548 | INFO | 💧 Insertando: Humedad_Patio   | 74.4%
2026-02-10 02:07:37,553 | INFO | --- ⏱️ Ciclo: 2026-02-10 01:07:37 ---
2026-02-10 02:07:37,553 | INFO | 📡 Insertando: Sensor_Patio    | Temp: 14.58°C
2026-02-10 02:07:37,554 | INFO | 📡 Insertando: Sensor_Cocina   | Temp: 17.03°C
2026-02-10 02:07:37,554 | INFO | 📡 Insertando: Sensor_Salon    | Temp: 16.70°C
2026-02-10 02:07:37,554 | INFO | 🔋 Insertando: Bateria_General | 81.0%
2026-02-10 02:07:37,554 | INFO | 💧 Insertando: Humedad_Patio   | 79.6%
2026-02-10 02:07:42,558 | INFO | --- ⏱️ Ciclo: 2026-02-10 01:07:42 ---
2026-02-10 02:07:42,559 | INFO | 📡 Insertando: Sensor_Patio    | Temp: 17.77°C
2026-02-10 02:07:42,560 | INFO | 📡 Insertando: Sensor_Cocina   | Temp: 16.83°C
2026-02-10 02:07:42,560 | INFO | 📡 Insertando: Sensor_Salon    | Temp: 14.17°C
2026-02-10 02:07:42,560 | INFO | 🔋 Insertando: Bateria_General | 80.5%
2026-02-10 02:07:42,560 | INFO | 💧 Insertando: Humedad_Patio   | 72.1%
2026-02-10 02:07:47,564 | INFO | --- ⏱️ Ciclo: 2026-02-10 01:07:47 ---
2026-02-10 02:07:47,564 | INFO | 📡 Insertando: Sensor_Patio    | Temp: 19.14°C
2026-02-10 02:07:47,565 | INFO | 📡 Insertando: Sensor_Cocina   | Temp: 14.53°C
2026-02-10 02:07:47,565 | INFO | 📡 Insertando: Sensor_Salon    | Temp: 11.45°C
2026-02-10 02:07:47,565 | INFO | 🔋 Insertando: Bateria_General | 80.0%
2026-02-10 02:07:47,565 | INFO | 💧 Insertando: Humedad_Patio   | 70.9%
2026-02-10 02:07:52,569 | INFO | --- ⏱️ Ciclo: 2026-02-10 01:07:52 ---
2026-02-10 02:07:52,569 | INFO | 📡 Insertando: Sensor_Patio    | Temp: 17.09°C
2026-02-10 02:07:52,570 | INFO | 📡 Insertando: Sensor_Cocina   | Temp: 16.83°C
2026-02-10 02:07:52,570 | INFO | 📡 Insertando: Sensor_Salon    | Temp: 13.47°C
2026-02-10 02:07:52,570 | INFO | 🔋 Insertando: Bateria_General | 79.5%
2026-02-10 02:07:52,571 | INFO | 💧 Insertando: Humedad_Patio   | 74.5%
2026-02-10 02:07:57,574 | INFO | --- ⏱️ Ciclo: 2026-02-10 01:07:57 ---
2026-02-10 02:07:57,575 | INFO | 📡 Insertando: Sensor_Patio    | Temp: 19.77°C
2026-02-10 02:07:57,575 | INFO | 📡 Insertando: Sensor_Cocina   | Temp: 19.72°C
2026-02-10 02:07:57,576 | INFO | 📡 Insertando: Sensor_Salon    | Temp: 16.00°C
2026-02-10 02:07:57,576 | INFO | 🔋 Insertando: Bateria_General | 79.0%
2026-02-10 02:07:57,576 | INFO | 💧 Insertando: Humedad_Patio   | 70.8%
2026-02-10 02:08:02,580 | INFO | --- ⏱️ Ciclo: 2026-02-10 01:08:02 ---
2026-02-10 02:08:02,580 | INFO | 📡 Insertando: Sensor_Patio    | Temp: 17.58°C
2026-02-10 02:08:02,581 | INFO | 📡 Insertando: Sensor_Cocina   | Temp: 17.26°C
2026-02-10 02:08:02,581 | INFO | 📡 Insertando: Sensor_Salon    | Temp: 13.72°C
2026-02-10 02:08:02,581 | INFO | 🔋 Insertando: Bateria_General | 78.5%
2026-02-10 02:08:02,581 | INFO | 💧 Insertando: Humedad_Patio   | 74.8%
2026-02-10 02:08:07,585 | INFO | --- ⏱️ Ciclo: 2026-02-10 01:08:07 ---
2026-02-10 02:08:07,586 | INFO | 📡 Insertando: Sensor_Patio    | Temp: 19.85°C
2026-02-10 02:08:07,587 | INFO | 📡 Insertando: Sensor_Cocina   | Temp: 14.40°C
2026-02-10 02:08:07,587 | INFO | 📡 Insertando: Sensor_Salon    | Temp: 12.21°C
2026-02-10 02:08:07,588 | INFO | 🔋 Insertando: Bateria_General | 78.0%
2026-02-10 02:08:07,588 | INFO | 💧 Insertando: Humedad_Patio   | 72.2%
2026-02-10 02:08:12,592 | INFO | --- ⏱️ Ciclo: 2026-02-10 01:08:12 ---
2026-02-10 02:08:12,592 | INFO | 📡 Insertando: Sensor_Patio    | Temp: 17.33°C
2026-02-10 02:08:12,594 | INFO | 📡 Insertando: Sensor_Cocina   | Temp: 11.46°C
2026-02-10 02:08:12,594 | INFO | 📡 Insertando: Sensor_Salon    | Temp: 14.82°C
2026-02-10 02:08:12,594 | INFO | 🔋 Insertando: Bateria_General | 77.5%
2026-02-10 02:08:12,594 | INFO | 💧 Insertando: Humedad_Patio   | 73.8%
2026-02-10 02:08:17,598 | INFO | --- ⏱️ Ciclo: 2026-02-10 01:08:17 ---
2026-02-10 02:08:17,598 | INFO | 📡 Insertando: Sensor_Patio    | Temp: 16.60°C
2026-02-10 02:08:17,599 | INFO | 📡 Insertando: Sensor_Cocina   | Temp: 13.93°C
2026-02-10 02:08:17,599 | INFO | 📡 Insertando: Sensor_Salon    | Temp: 16.72°C
2026-02-10 02:08:17,599 | INFO | 🔋 Insertando: Bateria_General | 77.0%
2026-02-10 02:08:17,599 | INFO | 💧 Insertando: Humedad_Patio   | 75.6%
2026-02-10 02:08:22,603 | INFO | --- ⏱️ Ciclo: 2026-02-10 01:08:22 ---
2026-02-10 02:08:22,603 | INFO | 📡 Insertando: Sensor_Patio    | Temp: 14.45°C
2026-02-10 02:08:22,603 | INFO | 📡 Insertando: Sensor_Cocina   | Temp: 16.67°C
2026-02-10 02:08:22,603 | INFO | 📡 Insertando: Sensor_Salon    | Temp: 19.39°C
2026-02-10 02:08:22,603 | INFO | 🔋 Insertando: Bateria_General | 76.5%
2026-02-10 02:08:22,603 | INFO | 💧 Insertando: Humedad_Patio   | 76.8%
2026-02-10 02:08:27,607 | INFO | --- ⏱️ Ciclo: 2026-02-10 01:08:27 ---
2026-02-10 02:08:27,608 | INFO | 📡 Insertando: Sensor_Patio    | Temp: 11.63°C
2026-02-10 02:08:27,609 | INFO | 📡 Insertando: Sensor_Cocina   | Temp: 19.42°C
2026-02-10 02:08:27,609 | INFO | 📡 Insertando: Sensor_Salon    | Temp: 18.03°C
2026-02-10 02:08:27,609 | INFO | 🔋 Insertando: Bateria_General | 76.0%
2026-02-10 02:08:27,609 | INFO | 💧 Insertando: Humedad_Patio   | 82.1%
2026-02-10 02:08:32,625 | INFO | --- ⏱️ Ciclo: 2026-02-10 01:08:32 ---
2026-02-10 02:08:32,626 | INFO | 📡 Insertando: Sensor_Patio    | Temp: 14.55°C
2026-02-10 02:08:32,627 | INFO | 📡 Insertando: Sensor_Cocina   | Temp: 17.06°C
2026-02-10 02:08:32,627 | INFO | 📡 Insertando: Sensor_Salon    | Temp: 15.46°C
2026-02-10 02:08:32,627 | INFO | 🔋 Insertando: Bateria_General | 75.5%
2026-02-10 02:08:32,627 | INFO | 💧 Insertando: Humedad_Patio   | 78.2%
2026-02-10 02:08:37,632 | INFO | --- ⏱️ Ciclo: 2026-02-10 01:08:37 ---
2026-02-10 02:08:37,632 | INFO | 📡 Insertando: Sensor_Patio    | Temp: 17.39°C
2026-02-10 02:08:37,633 | INFO | 📡 Insertando: Sensor_Cocina   | Temp: 19.26°C
2026-02-10 02:08:37,633 | INFO | 📡 Insertando: Sensor_Salon    | Temp: 13.63°C
2026-02-10 02:08:37,633 | INFO | 🔋 Insertando: Bateria_General | 75.0%
2026-02-10 02:08:37,633 | INFO | 💧 Insertando: Humedad_Patio   | 75.5%
2026-02-10 02:08:42,637 | INFO | --- ⏱️ Ciclo: 2026-02-10 01:08:42 ---
2026-02-10 02:08:42,637 | INFO | 📡 Insertando: Sensor_Patio    | Temp: 15.02°C
2026-02-10 02:08:42,638 | INFO | 📡 Insertando: Sensor_Cocina   | Temp: 16.79°C
2026-02-10 02:08:42,638 | INFO | 📡 Insertando: Sensor_Salon    | Temp: 15.56°C
2026-02-10 02:08:42,638 | INFO | 🔋 Insertando: Bateria_General | 74.5%
2026-02-10 02:08:42,638 | INFO | 💧 Insertando: Humedad_Patio   | 77.4%
2026-02-10 02:08:47,656 | INFO | --- ⏱️ Ciclo: 2026-02-10 01:08:47 ---
2026-02-10 02:08:47,656 | INFO | 📡 Insertando: Sensor_Patio    | Temp: 17.78°C
2026-02-10 02:08:47,657 | INFO | 📡 Insertando: Sensor_Cocina   | Temp: 14.86°C
2026-02-10 02:08:47,657 | INFO | 📡 Insertando: Sensor_Salon    | Temp: 18.34°C
2026-02-10 02:08:47,658 | INFO | 🔋 Insertando: Bateria_General | 74.0%
2026-02-10 02:08:47,658 | INFO | 💧 Insertando: Humedad_Patio   | 73.2%
2026-02-10 02:08:52,661 | INFO | --- ⏱️ Ciclo: 2026-02-10 01:08:52 ---
2026-02-10 02:08:52,661 | INFO | 📡 Insertando: Sensor_Patio    | Temp: 19.75°C
2026-02-10 02:08:52,662 | INFO | 📡 Insertando: Sensor_Cocina   | Temp: 17.90°C
2026-02-10 02:08:52,662 | INFO | 📡 Insertando: Sensor_Salon    | Temp: 16.72°C
2026-02-10 02:08:52,662 | INFO | 🔋 Insertando: Bateria_General | 73.5%
2026-02-10 02:08:52,662 | INFO | 💧 Insertando: Humedad_Patio   | 69.5%
2026-02-10 02:08:57,667 | INFO | --- ⏱️ Ciclo: 2026-02-10 01:08:57 ---
2026-02-10 02:08:57,667 | INFO | 📡 Insertando: Sensor_Patio    | Temp: 17.40°C
2026-02-10 02:08:57,668 | INFO | 📡 Insertando: Sensor_Cocina   | Temp: 15.33°C
2026-02-10 02:08:57,668 | INFO | 📡 Insertando: Sensor_Salon    | Temp: 13.96°C
2026-02-10 02:08:57,668 | INFO | 🔋 Insertando: Bateria_General | 73.0%
2026-02-10 02:08:57,669 | INFO | 💧 Insertando: Humedad_Patio   | 74.4%
2026-02-10 02:09:02,672 | INFO | --- ⏱️ Ciclo: 2026-02-10 01:09:02 ---
2026-02-10 02:09:02,672 | INFO | 📡 Insertando: Sensor_Patio    | Temp: 15.09°C
2026-02-10 02:09:02,673 | INFO | 📡 Insertando: Sensor_Cocina   | Temp: 12.89°C
2026-02-10 02:09:02,673 | INFO | 📡 Insertando: Sensor_Salon    | Temp: 10.99°C
2026-02-10 02:09:02,673 | INFO | 🔋 Insertando: Bateria_General | 72.5%
2026-02-10 02:09:02,673 | INFO | 💧 Insertando: Humedad_Patio   | 75.7%
2026-02-10 02:09:07,676 | INFO | --- ⏱️ Ciclo: 2026-02-10 01:09:07 ---
2026-02-10 02:09:07,676 | INFO | 📡 Insertando: Sensor_Patio    | Temp: 11.41°C
2026-02-10 02:09:07,678 | INFO | 📡 Insertando: Sensor_Cocina   | Temp: 15.52°C
2026-02-10 02:09:07,678 | INFO | 📡 Insertando: Sensor_Salon    | Temp: 13.98°C
2026-02-10 02:09:07,678 | INFO | 🔋 Insertando: Bateria_General | 72.0%
2026-02-10 02:09:07,678 | INFO | 💧 Insertando: Humedad_Patio   | 83.3%
2026-02-10 02:09:12,682 | INFO | --- ⏱️ Ciclo: 2026-02-10 01:09:12 ---
2026-02-10 02:09:12,682 | INFO | 📡 Insertando: Sensor_Patio    | Temp: 14.24°C
2026-02-10 02:09:12,682 | INFO | 📡 Insertando: Sensor_Cocina   | Temp: 17.50°C
2026-02-10 02:09:12,682 | INFO | 📡 Insertando: Sensor_Salon    | Temp: 11.46°C
2026-02-10 02:09:12,682 | INFO | 🔋 Insertando: Bateria_General | 71.5%
2026-02-10 02:09:12,682 | INFO | 💧 Insertando: Humedad_Patio   | 78.2%
2026-02-10 02:09:17,686 | INFO | --- ⏱️ Ciclo: 2026-02-10 01:09:17 ---
2026-02-10 02:09:17,686 | INFO | 📡 Insertando: Sensor_Patio    | Temp: 11.51°C
2026-02-10 02:09:17,687 | INFO | 📡 Insertando: Sensor_Cocina   | Temp: 17.35°C
2026-02-10 02:09:17,687 | INFO | 📡 Insertando: Sensor_Salon    | Temp: 12.25°C
2026-02-10 02:09:17,688 | INFO | 🔋 Insertando: Bateria_General | 71.0%
2026-02-10 02:09:17,688 | INFO | 💧 Insertando: Humedad_Patio   | 82.8%
2026-02-10 02:09:22,691 | INFO | --- ⏱️ Ciclo: 2026-02-10 01:09:22 ---
2026-02-10 02:09:22,692 | INFO | 📡 Insertando: Sensor_Patio    | Temp: 14.30°C
2026-02-10 02:09:22,692 | INFO | 📡 Insertando: Sensor_Cocina   | Temp: 14.63°C
2026-02-10 02:09:22,693 | INFO | 📡 Insertando: Sensor_Salon    | Temp: 13.12°C
2026-02-10 02:09:22,693 | INFO | 🔋 Insertando: Bateria_General | 70.5%
2026-02-10 02:09:22,693 | INFO | 💧 Insertando: Humedad_Patio   | 77.8%
2026-02-10 02:09:27,697 | INFO | --- ⏱️ Ciclo: 2026-02-10 01:09:27 ---
2026-02-10 02:09:27,697 | INFO | 📡 Insertando: Sensor_Patio    | Temp: 11.73°C
2026-02-10 02:09:27,698 | INFO | 📡 Insertando: Sensor_Cocina   | Temp: 12.27°C
2026-02-10 02:09:27,698 | INFO | 📡 Insertando: Sensor_Salon    | Temp: 15.91°C
2026-02-10 02:09:27,698 | INFO | 🔋 Insertando: Bateria_General | 70.0%
2026-02-10 02:09:27,698 | INFO | 💧 Insertando: Humedad_Patio   | 84.0%
2026-02-10 02:09:32,702 | INFO | --- ⏱️ Ciclo: 2026-02-10 01:09:32 ---
2026-02-10 02:09:32,702 | INFO | 📡 Insertando: Sensor_Patio    | Temp: 13.33°C
2026-02-10 02:09:32,702 | INFO | 📡 Insertando: Sensor_Cocina   | Temp: 14.89°C
2026-02-10 02:09:32,702 | INFO | 📡 Insertando: Sensor_Salon    | Temp: 18.90°C
2026-02-10 02:09:32,703 | INFO | 🔋 Insertando: Bateria_General | 69.5%
2026-02-10 02:09:32,703 | INFO | 💧 Insertando: Humedad_Patio   | 80.6%
2026-02-10 02:09:37,707 | INFO | --- ⏱️ Ciclo: 2026-02-10 01:09:37 ---
2026-02-10 02:09:37,707 | INFO | 📡 Insertando: Sensor_Patio    | Temp: 15.32°C
2026-02-10 02:09:37,708 | INFO | 📡 Insertando: Sensor_Cocina   | Temp: 12.32°C
2026-02-10 02:09:37,708 | INFO | 📡 Insertando: Sensor_Salon    | Temp: 17.23°C
2026-02-10 02:09:37,709 | INFO | 🔋 Insertando: Bateria_General | 69.0%
2026-02-10 02:09:37,709 | INFO | 💧 Insertando: Humedad_Patio   | 75.9%
2026-02-10 02:09:42,713 | INFO | --- ⏱️ Ciclo: 2026-02-10 01:09:42 ---
2026-02-10 02:09:42,713 | INFO | 📡 Insertando: Sensor_Patio    | Temp: 13.08°C
2026-02-10 02:09:42,714 | INFO | 📡 Insertando: Sensor_Cocina   | Temp: 14.42°C
2026-02-10 02:09:42,715 | INFO | 📡 Insertando: Sensor_Salon    | Temp: 14.79°C
2026-02-10 02:09:42,715 | INFO | 🔋 Insertando: Bateria_General | 68.5%
2026-02-10 02:09:42,715 | INFO | 💧 Insertando: Humedad_Patio   | 80.2%
2026-02-10 02:09:47,719 | INFO | --- ⏱️ Ciclo: 2026-02-10 01:09:47 ---
2026-02-10 02:09:47,720 | INFO | 📡 Insertando: Sensor_Patio    | Temp: 13.11°C
2026-02-10 02:09:47,721 | INFO | 📡 Insertando: Sensor_Cocina   | Temp: 12.60°C
2026-02-10 02:09:47,721 | INFO | 📡 Insertando: Sensor_Salon    | Temp: 12.73°C
2026-02-10 02:09:47,721 | INFO | 🔋 Insertando: Bateria_General | 68.0%
2026-02-10 02:09:47,721 | INFO | 💧 Insertando: Humedad_Patio   | 79.4%
2026-02-10 02:09:52,725 | INFO | --- ⏱️ Ciclo: 2026-02-10 01:09:52 ---
2026-02-10 02:09:52,725 | INFO | 📡 Insertando: Sensor_Patio    | Temp: 15.09°C
2026-02-10 02:09:52,726 | INFO | 📡 Insertando: Sensor_Cocina   | Temp: 12.91°C
2026-02-10 02:09:52,726 | INFO | 📡 Insertando: Sensor_Salon    | Temp: 13.30°C
2026-02-10 02:09:52,726 | INFO | 🔋 Insertando: Bateria_General | 67.5%
2026-02-10 02:09:52,726 | INFO | 💧 Insertando: Humedad_Patio   | 79.3%
2026-02-10 02:09:57,729 | INFO | --- ⏱️ Ciclo: 2026-02-10 01:09:57 ---
2026-02-10 02:09:57,730 | INFO | 📡 Insertando: Sensor_Patio    | Temp: 12.72°C
2026-02-10 02:09:57,730 | INFO | 📡 Insertando: Sensor_Cocina   | Temp: 10.55°C
2026-02-10 02:09:57,730 | INFO | 📡 Insertando: Sensor_Salon    | Temp: 15.03°C
2026-02-10 02:09:57,730 | INFO | 🔋 Insertando: Bateria_General | 67.0%
2026-02-10 02:09:57,730 | INFO | 💧 Insertando: Humedad_Patio   | 81.0%
2026-02-10 02:10:02,734 | INFO | --- ⏱️ Ciclo: 2026-02-10 01:10:02 ---
2026-02-10 02:10:02,734 | INFO | 📡 Insertando: Sensor_Patio    | Temp: 10.48°C
2026-02-10 02:10:02,735 | INFO | 📡 Insertando: Sensor_Cocina   | Temp: 13.67°C
2026-02-10 02:10:02,736 | INFO | 📡 Insertando: Sensor_Salon    | Temp: 17.89°C
2026-02-10 02:10:02,736 | INFO | 🔋 Insertando: Bateria_General | 66.5%
2026-02-10 02:10:02,736 | INFO | 💧 Insertando: Humedad_Patio   | 82.9%
2026-02-10 02:10:07,739 | INFO | --- ⏱️ Ciclo: 2026-02-10 01:10:07 ---
2026-02-10 02:10:07,739 | INFO | 📡 Insertando: Sensor_Patio    | Temp: 13.13°C
2026-02-10 02:10:07,740 | INFO | 📡 Insertando: Sensor_Cocina   | Temp: 11.01°C
2026-02-10 02:10:07,740 | INFO | 📡 Insertando: Sensor_Salon    | Temp: 16.27°C
2026-02-10 02:10:07,740 | INFO | 🔋 Insertando: Bateria_General | 66.0%
2026-02-10 02:10:07,740 | INFO | 💧 Insertando: Humedad_Patio   | 79.1%
2026-02-10 02:10:12,742 | INFO | --- ⏱️ Ciclo: 2026-02-10 01:10:12 ---
2026-02-10 02:10:12,744 | INFO | 📡 Insertando: Sensor_Patio    | Temp: 15.79°C
2026-02-10 02:10:12,744 | INFO | 📡 Insertando: Sensor_Cocina   | Temp: 13.73°C
2026-02-10 02:10:12,745 | INFO | 📡 Insertando: Sensor_Salon    | Temp: 19.42°C
2026-02-10 02:10:12,745 | INFO | 🔋 Insertando: Bateria_General | 65.5%
2026-02-10 02:10:12,745 | INFO | 💧 Insertando: Humedad_Patio   | 76.6%
2026-02-10 02:10:17,747 | INFO | --- ⏱️ Ciclo: 2026-02-10 01:10:17 ---
2026-02-10 02:10:17,747 | INFO | 📡 Insertando: Sensor_Patio    | Temp: 13.73°C
2026-02-10 02:10:17,748 | INFO | 📡 Insertando: Sensor_Cocina   | Temp: 16.12°C
2026-02-10 02:10:17,748 | INFO | 📡 Insertando: Sensor_Salon    | Temp: 17.83°C
2026-02-10 02:10:17,749 | INFO | 🔋 Insertando: Bateria_General | 65.0%
2026-02-10 02:10:17,749 | INFO | 💧 Insertando: Humedad_Patio   | 78.1%
2026-02-10 02:10:22,753 | INFO | --- ⏱️ Ciclo: 2026-02-10 01:10:22 ---
2026-02-10 02:10:22,753 | INFO | 📡 Insertando: Sensor_Patio    | Temp: 16.81°C
2026-02-10 02:10:22,754 | INFO | 📡 Insertando: Sensor_Cocina   | Temp: 13.76°C
2026-02-10 02:10:22,754 | INFO | 📡 Insertando: Sensor_Salon    | Temp: 17.33°C
2026-02-10 02:10:22,754 | INFO | 🔋 Insertando: Bateria_General | 64.5%
2026-02-10 02:10:22,754 | INFO | 💧 Insertando: Humedad_Patio   | 74.5%
2026-02-10 02:10:27,763 | INFO | --- ⏱️ Ciclo: 2026-02-10 01:10:27 ---
2026-02-10 02:10:27,763 | INFO | 📡 Insertando: Sensor_Patio    | Temp: 14.91°C
2026-02-10 02:10:27,764 | INFO | 📡 Insertando: Sensor_Cocina   | Temp: 15.57°C
2026-02-10 02:10:27,764 | INFO | 📡 Insertando: Sensor_Salon    | Temp: 14.95°C
2026-02-10 02:10:27,764 | INFO | 🔋 Insertando: Bateria_General | 64.0%
2026-02-10 02:10:27,764 | INFO | 💧 Insertando: Humedad_Patio   | 77.2%
2026-02-10 02:10:32,768 | INFO | --- ⏱️ Ciclo: 2026-02-10 01:10:32 ---
2026-02-10 02:10:32,769 | INFO | 📡 Insertando: Sensor_Patio    | Temp: 11.74°C
2026-02-10 02:10:32,769 | INFO | 📡 Insertando: Sensor_Cocina   | Temp: 12.93°C
2026-02-10 02:10:32,769 | INFO | 📡 Insertando: Sensor_Salon    | Temp: 12.74°C
2026-02-10 02:10:32,769 | INFO | 🔋 Insertando: Bateria_General | 63.5%
2026-02-10 02:10:32,769 | INFO | 💧 Insertando: Humedad_Patio   | 82.5%
2026-02-10 02:10:37,773 | INFO | --- ⏱️ Ciclo: 2026-02-10 01:10:37 ---
2026-02-10 02:10:37,773 | INFO | 📡 Insertando: Sensor_Patio    | Temp: 14.87°C
2026-02-10 02:10:37,773 | INFO | 📡 Insertando: Sensor_Cocina   | Temp: 15.56°C
2026-02-10 02:10:37,773 | INFO | 📡 Insertando: Sensor_Salon    | Temp: 15.74°C
2026-02-10 02:10:37,773 | INFO | 🔋 Insertando: Bateria_General | 63.0%
2026-02-10 02:10:37,773 | INFO | 💧 Insertando: Humedad_Patio   | 78.4%
2026-02-10 02:10:42,776 | INFO | --- ⏱️ Ciclo: 2026-02-10 01:10:42 ---
2026-02-10 02:10:42,777 | INFO | 📡 Insertando: Sensor_Patio    | Temp: 17.23°C
2026-02-10 02:10:42,777 | INFO | 📡 Insertando: Sensor_Cocina   | Temp: 17.79°C
2026-02-10 02:10:42,777 | INFO | 📡 Insertando: Sensor_Salon    | Temp: 12.61°C
2026-02-10 02:10:42,777 | INFO | 🔋 Insertando: Bateria_General | 62.5%
2026-02-10 02:10:42,778 | INFO | 💧 Insertando: Humedad_Patio   | 74.3%
2026-02-10 02:10:47,781 | INFO | --- ⏱️ Ciclo: 2026-02-10 01:10:47 ---
2026-02-10 02:10:47,781 | INFO | 📡 Insertando: Sensor_Patio    | Temp: 19.89°C
2026-02-10 02:10:47,782 | INFO | 📡 Insertando: Sensor_Cocina   | Temp: 19.98°C
2026-02-10 02:10:47,782 | INFO | 📡 Insertando: Sensor_Salon    | Temp: 13.15°C
2026-02-10 02:10:47,783 | INFO | 🔋 Insertando: Bateria_General | 62.0%
2026-02-10 02:10:47,783 | INFO | 💧 Insertando: Humedad_Patio   | 71.0%
2026-02-10 02:10:52,787 | INFO | --- ⏱️ Ciclo: 2026-02-10 01:10:52 ---
2026-02-10 02:10:52,787 | INFO | 📡 Insertando: Sensor_Patio    | Temp: 17.65°C
2026-02-10 02:10:52,788 | INFO | 📡 Insertando: Sensor_Cocina   | Temp: 17.71°C
2026-02-10 02:10:52,789 | INFO | 📡 Insertando: Sensor_Salon    | Temp: 11.03°C
2026-02-10 02:10:52,789 | INFO | 🔋 Insertando: Bateria_General | 61.5%
2026-02-10 02:10:52,789 | INFO | 💧 Insertando: Humedad_Patio   | 75.5%
2026-02-10 02:10:57,793 | INFO | --- ⏱️ Ciclo: 2026-02-10 01:10:57 ---
2026-02-10 02:10:57,794 | INFO | 📡 Insertando: Sensor_Patio    | Temp: 15.48°C
2026-02-10 02:10:57,794 | INFO | 📡 Insertando: Sensor_Cocina   | Temp: 15.41°C
2026-02-10 02:10:57,795 | INFO | 📡 Insertando: Sensor_Salon    | Temp: 11.96°C
2026-02-10 02:10:57,795 | INFO | 🔋 Insertando: Bateria_General | 61.0%
2026-02-10 02:10:57,795 | INFO | 💧 Insertando: Humedad_Patio   | 75.1%
2026-02-10 02:11:02,799 | INFO | --- ⏱️ Ciclo: 2026-02-10 01:11:02 ---
2026-02-10 02:11:02,799 | INFO | 📡 Insertando: Sensor_Patio    | Temp: 12.41°C
2026-02-10 02:11:02,800 | INFO | 📡 Insertando: Sensor_Cocina   | Temp: 18.29°C
2026-02-10 02:11:02,800 | INFO | 📡 Insertando: Sensor_Salon    | Temp: 14.36°C
2026-02-10 02:11:02,801 | INFO | 🔋 Insertando: Bateria_General | 60.5%
2026-02-10 02:11:02,801 | INFO | 💧 Insertando: Humedad_Patio   | 82.4%
2026-02-10 02:11:07,805 | INFO | --- ⏱️ Ciclo: 2026-02-10 01:11:07 ---
2026-02-10 02:11:07,806 | INFO | 📡 Insertando: Sensor_Patio    | Temp: 10.92°C
2026-02-10 02:11:07,807 | INFO | 📡 Insertando: Sensor_Cocina   | Temp: 18.21°C
2026-02-10 02:11:07,807 | INFO | 📡 Insertando: Sensor_Salon    | Temp: 11.11°C
2026-02-10 02:11:07,807 | INFO | 🔋 Insertando: Bateria_General | 60.0%
2026-02-10 02:11:07,808 | INFO | 💧 Insertando: Humedad_Patio   | 83.1%
2026-02-10 02:11:12,811 | INFO | --- ⏱️ Ciclo: 2026-02-10 01:11:12 ---
2026-02-10 02:11:12,812 | INFO | 📡 Insertando: Sensor_Patio    | Temp: 13.29°C
2026-02-10 02:11:12,813 | INFO | 📡 Insertando: Sensor_Cocina   | Temp: 17.87°C
2026-02-10 02:11:12,813 | INFO | 📡 Insertando: Sensor_Salon    | Temp: 12.31°C
2026-02-10 02:11:12,813 | INFO | 🔋 Insertando: Bateria_General | 59.5%
2026-02-10 02:11:12,813 | INFO | 💧 Insertando: Humedad_Patio   | 81.1%
2026-02-10 02:11:17,823 | INFO | --- ⏱️ Ciclo: 2026-02-10 01:11:17 ---
2026-02-10 02:11:17,823 | INFO | 📡 Insertando: Sensor_Patio    | Temp: 15.68°C
2026-02-10 02:11:17,824 | INFO | 📡 Insertando: Sensor_Cocina   | Temp: 15.85°C
2026-02-10 02:11:17,824 | INFO | 📡 Insertando: Sensor_Salon    | Temp: 15.35°C
2026-02-10 02:11:17,824 | INFO | 🔋 Insertando: Bateria_General | 59.0%
2026-02-10 02:11:17,824 | INFO | 💧 Insertando: Humedad_Patio   | 76.2%
2026-02-10 02:11:22,828 | INFO | --- ⏱️ Ciclo: 2026-02-10 01:11:22 ---
2026-02-10 02:11:22,829 | INFO | 📡 Insertando: Sensor_Patio    | Temp: 12.92°C
2026-02-10 02:11:22,830 | INFO | 📡 Insertando: Sensor_Cocina   | Temp: 12.76°C
2026-02-10 02:11:22,830 | INFO | 📡 Insertando: Sensor_Salon    | Temp: 12.96°C
2026-02-10 02:11:22,830 | INFO | 🔋 Insertando: Bateria_General | 58.5%
2026-02-10 02:11:22,830 | INFO | 💧 Insertando: Humedad_Patio   | 81.7%
2026-02-10 02:11:27,834 | INFO | --- ⏱️ Ciclo: 2026-02-10 01:11:27 ---
2026-02-10 02:11:27,834 | INFO | 📡 Insertando: Sensor_Patio    | Temp: 15.31°C
2026-02-10 02:11:27,834 | INFO | 📡 Insertando: Sensor_Cocina   | Temp: 15.29°C
2026-02-10 02:11:27,834 | INFO | 📡 Insertando: Sensor_Salon    | Temp: 10.48°C
2026-02-10 02:11:27,834 | INFO | 🔋 Insertando: Bateria_General | 58.0%
2026-02-10 02:11:27,834 | INFO | 💧 Insertando: Humedad_Patio   | 75.6%
2026-02-10 02:11:32,838 | INFO | --- ⏱️ Ciclo: 2026-02-10 01:11:32 ---
2026-02-10 02:11:32,838 | INFO | 📡 Insertando: Sensor_Patio    | Temp: 12.65°C
2026-02-10 02:11:32,839 | INFO | 📡 Insertando: Sensor_Cocina   | Temp: 17.77°C
2026-02-10 02:11:32,839 | INFO | 📡 Insertando: Sensor_Salon    | Temp: 12.37°C
2026-02-10 02:11:32,840 | INFO | 🔋 Insertando: Bateria_General | 57.5%
2026-02-10 02:11:32,840 | INFO | 💧 Insertando: Humedad_Patio   | 83.0%
2026-02-10 02:11:37,844 | INFO | --- ⏱️ Ciclo: 2026-02-10 01:11:37 ---
2026-02-10 02:11:37,844 | INFO | 📡 Insertando: Sensor_Patio    | Temp: 14.54°C
2026-02-10 02:11:37,845 | INFO | 📡 Insertando: Sensor_Cocina   | Temp: 17.31°C
2026-02-10 02:11:37,845 | INFO | 📡 Insertando: Sensor_Salon    | Temp: 14.58°C
2026-02-10 02:11:37,845 | INFO | 🔋 Insertando: Bateria_General | 57.0%
2026-02-10 02:11:37,845 | INFO | 💧 Insertando: Humedad_Patio   | 76.9%
2026-02-10 02:11:42,849 | INFO | --- ⏱️ Ciclo: 2026-02-10 01:11:42 ---
2026-02-10 02:11:42,850 | INFO | 📡 Insertando: Sensor_Patio    | Temp: 17.11°C
2026-02-10 02:11:42,850 | INFO | 📡 Insertando: Sensor_Cocina   | Temp: 17.29°C
2026-02-10 02:11:42,850 | INFO | 📡 Insertando: Sensor_Salon    | Temp: 17.58°C
2026-02-10 02:11:42,851 | INFO | 🔋 Insertando: Bateria_General | 56.5%
2026-02-10 02:11:42,851 | INFO | 💧 Insertando: Humedad_Patio   | 76.0%
2026-02-10 02:11:47,855 | INFO | --- ⏱️ Ciclo: 2026-02-10 01:11:47 ---
2026-02-10 02:11:47,855 | INFO | 📡 Insertando: Sensor_Patio    | Temp: 19.89°C
2026-02-10 02:11:47,856 | INFO | 📡 Insertando: Sensor_Cocina   | Temp: 14.36°C
2026-02-10 02:11:47,856 | INFO | 📡 Insertando: Sensor_Salon    | Temp: 17.34°C
2026-02-10 02:11:47,856 | INFO | 🔋 Insertando: Bateria_General | 56.0%
2026-02-10 02:11:47,856 | INFO | 💧 Insertando: Humedad_Patio   | 71.5%
2026-02-10 02:11:52,860 | INFO | --- ⏱️ Ciclo: 2026-02-10 01:11:52 ---
2026-02-10 02:11:52,860 | INFO | 📡 Insertando: Sensor_Patio    | Temp: 17.41°C
2026-02-10 02:11:52,861 | INFO | 📡 Insertando: Sensor_Cocina   | Temp: 17.02°C
2026-02-10 02:11:52,862 | INFO | 📡 Insertando: Sensor_Salon    | Temp: 19.44°C
2026-02-10 02:11:52,862 | INFO | 🔋 Insertando: Bateria_General | 55.5%
2026-02-10 02:11:52,862 | INFO | 💧 Insertando: Humedad_Patio   | 74.3%
2026-02-10 02:11:57,866 | INFO | --- ⏱️ Ciclo: 2026-02-10 01:11:57 ---
2026-02-10 02:11:57,867 | INFO | 📡 Insertando: Sensor_Patio    | Temp: 17.24°C
2026-02-10 02:11:57,868 | INFO | 📡 Insertando: Sensor_Cocina   | Temp: 16.43°C
2026-02-10 02:11:57,868 | INFO | 📡 Insertando: Sensor_Salon    | Temp: 16.87°C
2026-02-10 02:11:57,868 | INFO | 🔋 Insertando: Bateria_General | 55.0%
2026-02-10 02:11:57,868 | INFO | 💧 Insertando: Humedad_Patio   | 72.9%
2026-02-10 02:12:02,872 | INFO | --- ⏱️ Ciclo: 2026-02-10 01:12:02 ---
2026-02-10 02:12:02,873 | INFO | 📡 Insertando: Sensor_Patio    | Temp: 19.59°C
2026-02-10 02:12:02,874 | INFO | 📡 Insertando: Sensor_Cocina   | Temp: 19.35°C
2026-02-10 02:12:02,874 | INFO | 📡 Insertando: Sensor_Salon    | Temp: 13.35°C
2026-02-10 02:12:02,874 | INFO | 🔋 Insertando: Bateria_General | 54.5%
2026-02-10 02:12:02,874 | INFO | 💧 Insertando: Humedad_Patio   | 69.6%
2026-02-10 02:12:07,878 | INFO | --- ⏱️ Ciclo: 2026-02-10 01:12:07 ---
2026-02-10 02:12:07,878 | INFO | 📡 Insertando: Sensor_Patio    | Temp: 16.91°C
2026-02-10 02:12:07,879 | INFO | 📡 Insertando: Sensor_Cocina   | Temp: 18.16°C
2026-02-10 02:12:07,879 | INFO | 📡 Insertando: Sensor_Salon    | Temp: 10.64°C
2026-02-10 02:12:07,879 | INFO | 🔋 Insertando: Bateria_General | 54.0%
2026-02-10 02:12:07,879 | INFO | 💧 Insertando: Humedad_Patio   | 73.5%
2026-02-10 02:12:12,883 | INFO | --- ⏱️ Ciclo: 2026-02-10 01:12:12 ---
2026-02-10 02:12:12,883 | INFO | 📡 Insertando: Sensor_Patio    | Temp: 14.45°C
2026-02-10 02:12:12,884 | INFO | 📡 Insertando: Sensor_Cocina   | Temp: 17.62°C
2026-02-10 02:12:12,884 | INFO | 📡 Insertando: Sensor_Salon    | Temp: 13.80°C
2026-02-10 02:12:12,884 | INFO | 🔋 Insertando: Bateria_General | 53.5%
2026-02-10 02:12:12,884 | INFO | 💧 Insertando: Humedad_Patio   | 76.9%
2026-02-10 02:12:17,888 | INFO | --- ⏱️ Ciclo: 2026-02-10 01:12:17 ---
2026-02-10 02:12:17,889 | INFO | 📡 Insertando: Sensor_Patio    | Temp: 11.44°C
2026-02-10 02:12:17,889 | INFO | 📡 Insertando: Sensor_Cocina   | Temp: 15.03°C
2026-02-10 02:12:17,890 | INFO | 📡 Insertando: Sensor_Salon    | Temp: 10.58°C
2026-02-10 02:12:17,890 | INFO | 🔋 Insertando: Bateria_General | 53.0%
2026-02-10 02:12:17,890 | INFO | 💧 Insertando: Humedad_Patio   | 81.5%
2026-02-10 02:12:22,894 | INFO | --- ⏱️ Ciclo: 2026-02-10 01:12:22 ---
2026-02-10 02:12:22,894 | INFO | 📡 Insertando: Sensor_Patio    | Temp: 13.30°C
2026-02-10 02:12:22,896 | INFO | 📡 Insertando: Sensor_Cocina   | Temp: 12.38°C
2026-02-10 02:12:22,896 | INFO | 📡 Insertando: Sensor_Salon    | Temp: 12.46°C
2026-02-10 02:12:22,896 | INFO | 🔋 Insertando: Bateria_General | 52.5%
2026-02-10 02:12:22,896 | INFO | 💧 Insertando: Humedad_Patio   | 79.5%
2026-02-10 02:12:25,730 | INFO | 
🛑 Generador detenido.
